// Jest Snapshot v1, https://goo.gl/fbAQLP

exports[`Components > TheHeader matches snapshot 1`] = `
<div
  class="header"
>
  
  Home

</div>
`;
